Turbo Assembler	 Version 4.1	    12/05/18 12:09:40	    Page 1
lab1asm.asm



      1	0000			     segst   segment para stack	 'stack'
      2	0000  40*(73 74	61 63 6B  +	     db	     64	dup('stack678')
      3	      36 37 38)
      4	0200			     segst   ends
      5	0000			     dseg segment 'data'
      6	0000  05*(??)		     p1	DB 5 DUP (?)
      7	0005  0D		     p2	DB 13
      8	0006  99		     p3	DB -103
      9	0007  1C		     p4	DB 1CH
     10	0008  C0		     p5	DB -40H
     11	0009  65		     p6	DB 'e'
     12	000A			     dseg ends
     13	0000			     cseg segment
     14				       assume ds:dseg,cs:cseg,ss:segst
     15	0000			     main proc far
     16	0000  48 45 4C 4C 4F	     MAS DB 'HELLO'
     17	0005  2E: A1 0000r	     mov AX, MAS
**Error** lab1asm.asm(16) Operand types	do not match
     18	0009  BB 0005r		     LEA BL, p2
**Error** lab1asm.asm(17) Argument to operation	or instruction has illegal size
     19	000C  8A		     MOV AL, [BL]
**Error** lab1asm.asm(18) Can't	convert	to pointer
     20	000D  B8 0005		     MOV AX, 5
     21	0010  8B D8		     MOV BX, AX
     22				     ;MOV 'kk',	AL ERROR
     23	0012  2E: A3 0000r	     MOV MAS, AX
**Error** lab1asm.asm(22) Operand types	do not match
     24	0016  8A D8		     MOV BL, AL
     25				     ;	 push ds
     26				     ;	 sub AX,AX
     27				     ;	 push AX
     28				     ;	 mov ax,dseg
     29				     ;	 mov ds,ax
     30
     31				     ;;	  mov DL,El
     32				     ;	 mov AL,27
     33				     ;	 mov BX,p6
     34				     ;	 mov p5,BX
     35				     ;	 mov AH,p4
     36				     ;	 mov CX,1024
     37	0018  CB			ret
     38	0019			     main endp
     39	0019			     cseg ends
     40				     end main
Turbo Assembler	 Version 4.1	    12/05/18 12:09:40	    Page 2
Symbol Table




Symbol Name			  Type	 Value

??DATE				  Text	 "12/05/18"
??FILENAME			  Text	 "lab1asm "
??TIME				  Text	 "12:09:40"
??VERSION			  Number 040A
@CPU				  Text	 0101H
@CURSEG				  Text	 CSEG
@FILENAME			  Text	 LAB1ASM
@WORDSIZE			  Text	 2
MAIN				  Far	 CSEG:0000
MAS				  Byte	 CSEG:0000
P1				  Byte	 DSEG:0000
P2				  Byte	 DSEG:0005
P3				  Byte	 DSEG:0006
P4				  Byte	 DSEG:0007
P5				  Byte	 DSEG:0008
P6				  Byte	 DSEG:0009

Groups & Segments		  Bit Size Align  Combine Class

CSEG				  16  0019 Para	  none
DSEG				  16  000A Para	  none	  DATA
SEGST				  16  0200 Para	  Stack	  STACK
Turbo Assembler	 Version 4.1	    12/05/18 12:09:40	    Page 3
Error Summary



**Error** lab1asm.asm(16) Operand types	do not match
**Error** lab1asm.asm(17) Argument to operation	or instruction has illegal size
**Error** lab1asm.asm(18) Can't	convert	to pointer
**Error** lab1asm.asm(22) Operand types	do not match
